=== RUN   TestE2E_Apple2020Plus
    e2e_test.go:138: Using cache: C:\Users\y437l\OneDrive\Rotman\agentic_valuation\.cache\edgar\fsap_extractions
    e2e_test.go:141: 
        === STEP 1: Load Cached Extractions ===
    e2e_test.go:111: Loaded: 000032019324000123.json (FY2024, 10-K)
    e2e_test.go:111: Loaded: AAPL_golden_record.json (FY0, )
    e2e_test.go:146: Found 2 cached extraction(s)
    e2e_test.go:149: 
        === STEP 2: Prepare Snapshots ===
    e2e_test.go:174: Prepared snapshot: FY2024 from 0000320193-24-000123 (Filed: 2024-11-01, Amendment: false)
    e2e_test.go:155: Skipping : no data
    e2e_test.go:179: 
        === STEP 3: Run Zipper Synthesis ===
    e2e_test.go:185: Zipper synthesized 3 years
    e2e_test.go:188: 
        === STEP 4: Generate Final Output ===
    e2e_test.go:192: 
        === FINAL OUTPUT ===
    e2e_test.go:319: 
        Apple Inc. (AAPL)
    e2e_test.go:320: CIK: 0000320193
    e2e_test.go:321: ΓöüΓöüΓöüΓöüΓöüΓöüΓöüΓöüΓöüΓöüΓöüΓöüΓöüΓöüΓöüΓöüΓöüΓöüΓöüΓöüΓöüΓöüΓöüΓöüΓöüΓöüΓöüΓöüΓöüΓöüΓöüΓöüΓöüΓöüΓöüΓöüΓöüΓöüΓöüΓöüΓöüΓöüΓöüΓöüΓöüΓöüΓöüΓöüΓöüΓöüΓöüΓöüΓöüΓöüΓöüΓöüΓöüΓöüΓöüΓöüΓöüΓöüΓöüΓöü
    e2e_test.go:329: 
        FY2024 (Source: 0000320193-24-000123)
    e2e_test.go:330: ΓöÇΓöÇΓöÇΓöÇΓöÇΓöÇΓöÇΓöÇΓöÇΓöÇΓöÇΓöÇΓöÇΓöÇΓöÇΓöÇΓöÇΓöÇΓöÇΓöÇΓöÇΓöÇΓöÇΓöÇΓöÇΓöÇΓöÇΓöÇΓöÇΓöÇΓöÇΓöÇΓöÇΓöÇΓöÇΓöÇΓöÇΓöÇΓöÇΓöÇ
    e2e_test.go:337:   Revenue:         $391035M (YoY: +2.0%)
    e2e_test.go:344:   Gross Profit:    $180683M (46.2% margin)
    e2e_test.go:351:   Net Income:      $93736M (YoY: -3.4%)
    e2e_test.go:354:   Total Assets:    $364980M
    e2e_test.go:357:   Operating CF:    $118254M
    e2e_test.go:360:   Free Cash Flow:  $108807M
    e2e_test.go:329: 
        FY2023 (Source: 0000320193-24-000123)
    e2e_test.go:330: ΓöÇΓöÇΓöÇΓöÇΓöÇΓöÇΓöÇΓöÇΓöÇΓöÇΓöÇΓöÇΓöÇΓöÇΓöÇΓöÇΓöÇΓöÇΓöÇΓöÇΓöÇΓöÇΓöÇΓöÇΓöÇΓöÇΓöÇΓöÇΓöÇΓöÇΓöÇΓöÇΓöÇΓöÇΓöÇΓöÇΓöÇΓöÇΓöÇΓöÇ
    e2e_test.go:337:   Revenue:         $383285M (YoY: -2.8%)
    e2e_test.go:344:   Gross Profit:    $169148M (44.1% margin)
    e2e_test.go:351:   Net Income:      $96995M (YoY: -2.8%)
    e2e_test.go:354:   Total Assets:    $352583M
    e2e_test.go:357:   Operating CF:    $110543M
    e2e_test.go:360:   Free Cash Flow:  $99584M
    e2e_test.go:329: 
        FY2022 (Source: 0000320193-24-000123)
    e2e_test.go:330: ΓöÇΓöÇΓöÇΓöÇΓöÇΓöÇΓöÇΓöÇΓöÇΓöÇΓöÇΓöÇΓöÇΓöÇΓöÇΓöÇΓöÇΓöÇΓöÇΓöÇΓöÇΓöÇΓöÇΓöÇΓöÇΓöÇΓöÇΓöÇΓöÇΓöÇΓöÇΓöÇΓöÇΓöÇΓöÇΓöÇΓöÇΓöÇΓöÇΓöÇ
    e2e_test.go:337:   Revenue:         $394328M
    e2e_test.go:344:   Gross Profit:    $170782M (43.3% margin)
    e2e_test.go:351:   Net Income:      $99803M
    e2e_test.go:354:   Total Assets:    $364980M
    e2e_test.go:357:   Operating CF:    $122151M
    e2e_test.go:360:   Free Cash Flow:  $111443M
    e2e_test.go:196: 
        === VALIDATION ===
    e2e_test.go:382:   Γ£ô FY2022: Balance Sheet equation valid
    e2e_test.go:382:   Γ£ô FY2023: Balance Sheet equation valid
    e2e_test.go:382:   Γ£ô FY2024: Balance Sheet equation valid
    e2e_test.go:401: 
        Validation Summary: 3 passed, 0 failed
    e2e_test.go:405: Γ£ô All validation checks passed
    e2e_test.go:203: Saved output to: C:\Users\y437l\OneDrive\Rotman\agentic_valuation\.cache\edgar\fsap_extractions\AAPL_golden_record.json
--- PASS: TestE2E_Apple2020Plus (0.00s)
=== RUN   TestAppleReal_NetIncomeYoY
    real_data_test.go:108: Company: Apple Inc. (FY2024)
    real_data_test.go:109: Source: 0000320193-24-000123
    real_data_test.go:116: Net Income:
    real_data_test.go:117:   2024: $93736M
    real_data_test.go:118:   2023: $96995M
    real_data_test.go:119:   2022: $99803M
    real_data_test.go:125: YoY Change:
    real_data_test.go:126:   2024 vs 2023: -3.36% (expected ~-3.4%)
    real_data_test.go:127:   2023 vs 2022: -2.81% (expected ~-2.8%)
    real_data_test.go:142: Γ£ô Net Income YoY calculations verified
--- PASS: TestAppleReal_NetIncomeYoY (0.00s)
=== RUN   TestAppleReal_OperatingCashFlowYoY
    real_data_test.go:152: Operating Cash Flow:
    real_data_test.go:153:   2024: $118254M
    real_data_test.go:154:   2023: $110543M
    real_data_test.go:155:   2022: $122151M
    real_data_test.go:160: YoY Change:
    real_data_test.go:161:   2024 vs 2023: 6.98% (CFO increased)
    real_data_test.go:162:   2023 vs 2022: -9.50% (CFO decreased)
    real_data_test.go:174: Γ£ô Operating Cash Flow YoY calculations verified
--- PASS: TestAppleReal_OperatingCashFlowYoY (0.00s)
=== RUN   TestAppleReal_FreeCashFlow
    real_data_test.go:185: Free Cash Flow (CFO + CapEx):
    real_data_test.go:186:   2024: $108807M (118254 - 9447)
    real_data_test.go:187:   2023: $99584M (110543 - 10959)
    real_data_test.go:188:   2022: $111443M (122151 - 10708)
    real_data_test.go:197: FCF YoY 2024: 9.26%
    real_data_test.go:199: Γ£ô Free Cash Flow calculation verified
--- PASS: TestAppleReal_FreeCashFlow (0.00s)
=== RUN   TestAppleReal_ShareholderReturns
    real_data_test.go:210: Total Shareholder Returns (Buybacks + Dividends):
    real_data_test.go:211:   2024: $110183M
    real_data_test.go:212:   2023: $92575M
    real_data_test.go:213:   2022: $104243M
    real_data_test.go:222: Shareholder Returns YoY 2024: 19.02%
    real_data_test.go:229: Γ£ô Shareholder returns calculation verified
--- PASS: TestAppleReal_ShareholderReturns (0.00s)
=== RUN   TestAppleReal_ZipperSynthesis
    real_data_test.go:262: Year 2022 synthesized, source: 0000320193-24-000123
    real_data_test.go:262: Year 2023 synthesized, source: 0000320193-24-000123
    real_data_test.go:262: Year 2024 synthesized, source: 0000320193-24-000123
    real_data_test.go:275: Net Income YoY from GoldenRecord: -3.36%
    real_data_test.go:280: Γ£ô Zipper synthesized 3 years from real Apple data
--- PASS: TestAppleReal_ZipperSynthesis (0.00s)
=== RUN   TestCase1_NormalRestatement
    zipper_test.go:139: Restatement: Year=2022, Item=Revenue, Old=50.00, New=52.00, Delta=4.00%
    zipper_test.go:139: Restatement: Year=2022, Item=TotalAssets, Old=400.00, New=405.00, Delta=1.25%
    zipper_test.go:139: Restatement: Year=2023, Item=Revenue, Old=100.00, New=102.00, Delta=2.00%
    zipper_test.go:139: Restatement: Year=2023, Item=TotalAssets, Old=500.00, New=510.00, Delta=2.00%
--- PASS: TestCase1_NormalRestatement (0.00s)
=== RUN   TestCase2_FallbackToOlder
    zipper_test.go:197: Timeline years: map[2021:0xc0003cd908 2022:0xc0003d2008 2023:0xc0003d2508 2024:0xc0003d2a08]
--- PASS: TestCase2_FallbackToOlder (0.00s)
=== RUN   TestCase3_AmendmentPriority
--- PASS: TestCase3_AmendmentPriority (0.00s)
=== RUN   TestCase4_RadicalAccountingChange
    zipper_test.go:300: Restatement: Old=1000, New=200, Delta=-80.0%
    zipper_test.go:314: Corrected YoY Growth 2024: 0.0%
--- PASS: TestCase4_RadicalAccountingChange (0.00s)
=== RUN   TestCase4b_WrongGrowthWithoutZipper
    zipper_test.go:336: WRONG YoY Growth (mixing GAAP): -80.0%
    zipper_test.go:346: CORRECT YoY Growth (consistent GAAP): 0.0%
    zipper_test.go:354: Γ£ô Zipper algorithm prevents phantom crashes by using restated comparative data
--- PASS: TestCase4b_WrongGrowthWithoutZipper (0.00s)
=== RUN   TestCase5_OutlierDetection
    zipper_test.go:393: Detected suspicious data: 2024 Revenue = 0 (potential extraction error)
    zipper_test.go:399: 2024 Revenue: 0 (flagged for review)
    zipper_test.go:400: 2023 Revenue: 100
--- PASS: TestCase5_OutlierDetection (0.00s)
=== RUN   TestEmptySnapshots
--- PASS: TestEmptySnapshots (0.00s)
=== RUN   TestSingleSnapshot
--- PASS: TestSingleSnapshot (0.00s)
PASS
ok  	agentic_valuation/pkg/core/synthesis	0.169s
